// Jest Snapshot v1, https://goo.gl/fbAQLP

exports[`App snapshot renders 1`] = `
<form
  className="sc-htpNat drEUuD"
  data-testid="form-search-container"
  onSubmit={[Function]}
>
  <div
    className="sc-bxivhb ebZIbr"
  >
    Consultar
  </div>
  <div
    className="sc-ifAKCX WOpjk"
  >
    <label
      className="sc-EHOje hHgPFw"
      htmlFor="search-field"
    >
      <span>
        CEP
      </span>
      <input
        className="sc-bwzfXH gsZmKd"
        data-testid="search-field"
        id="search-field"
        onBlur={[Function]}
        onChange={[Function]}
        onFocus={[Function]}
        onMouseDown={[Function]}
        onPaste={[Function]}
        placeholder="01234-567"
        required={true}
        value=""
      />
    </label>
    <button
      className="sc-bdVaJa faugNV"
    >
      Buscar
    </button>
  </div>
</form>
`;
